[brunodzi.dev/index.html]
[backblue.gif]
[fade.gif]
[index.html]
[brunodzi.dev/favicon.ico]
[brunodzi.dev/_next/static/media/72a721d84b1b0091.p.otf]
[brunodzi.dev/_next/static/css/294410e88a4e793c.css]
[brunodzi.dev/_next/static/chunks/polyfills-c67a75d1b6f99dc8.js]
[brunodzi.dev/_next/static/chunks/webpack-ee7e63bc15b31913.js]
[brunodzi.dev/_next/static/chunks/framework-3b5a00d5d7e8d93b.js]
[brunodzi.dev/_next/static/chunks/main-52f5ac3e1cde7207.js]
[brunodzi.dev/_next/static/chunks/pages/_app-a9d458bf9b9e7f60.js]
[brunodzi.dev/_next/static/chunks/1bfc9850-ea719a2832119eaf.js]
[brunodzi.dev/_next/static/chunks/0c428ae2-c89dd071c52f60fa.js]
[brunodzi.dev/_next/static/chunks/421-349a5aca94640ba8.js]
[brunodzi.dev/_next/static/chunks/pages/index-14f063f4b70315bc.js]
[brunodzi.dev/_next/static/xb_O1gQz8b4G_R7uO9zUT/_buildManifest.js]
[brunodzi.dev/_next/static/xb_O1gQz8b4G_R7uO9zUT/_ssgManifest.js]
[brunodzi.dev/pdf/brunodziecielski.pdf]
[brunodzi.dev/_next/static/media/typescript.51997e21.svg]
[brunodzi.dev/_next/static/media/nextjs.b3ffac1a.svg]
[brunodzi.dev/_next/static/media/react.e810d491.svg]
[brunodzi.dev/_next/static/media/recoiljs.95af9579.svg]
[brunodzi.dev/_next/static/media/nestjs.a4402a57.svg]
[brunodzi.dev/_next/static/media/express.ca4a9096.svg]
[brunodzi.dev/_next/static/media/nodejs.f276943c.svg]
[brunodzi.dev/_next/static/media/mongodb.cba28039.svg]
[brunodzi.dev/_next/static/media/graphql.6330df37.svg]
[brunodzi.dev/_next/static/media/tailwindcss.f32b2034.svg]
[brunodzi.dev/index.html]
[brunodzi.dev/_next/static/css/294410e88a4e793c.css]
[brunodzi.dev/_next/static/media/typescript.51997e21.svg]
[brunodzi.dev/_next/static/media/nextjs.b3ffac1a.svg]
[brunodzi.dev/_next/static/media/react.e810d491.svg]
[brunodzi.dev/_next/static/media/webrtc.03a557be.svg]
[brunodzi.dev/_next/static/media/chrome-extension_/window/testing-library.js]
[brunodzi.dev/_next/static/media/recoiljs.95af9579.svg]
[brunodzi.dev/_next/static/media/nestjs.a4402a57.svg]
[brunodzi.dev/_next/static/media/express.ca4a9096.svg]
[brunodzi.dev/_next/static/media/nodejs.f276943c.svg]
[brunodzi.dev/_next/static/media/mongodb.cba28039.svg]
[brunodzi.dev/_next/static/media/graphql.6330df37.svg]
[brunodzi.dev/_next/static/media/socketio.9132ce9e.svg]
[brunodzi.dev/_next/static/media/tailwindcss.f32b2034.svg]
[brunodzi.dev/_next/static/media/framermotion.9d7f7fd6.svg]
[brunodzi.dev/_next/static/media/webrtc.03a557be.svg]
[brunodzi.dev/_next/static/media/chrome-extension_/window/404]
